// Jest Snapshot v1, https://goo.gl/fbAQLP

exports[`renders correctly 1`] = `
<div>
  <h2>
    Favourites
  </h2>
  <div
    className="list-group"
    onKeyDown={[Function]}
  >
    <div
      className="searched-item list-group-item"
      data-rr-ui-event-key={null}
      onClick={[Function]}
    >
      Test Track 1
      <button
        className="ml-2 btn btn-outline-danger btn-sm"
        disabled={false}
        onClick={[Function]}
        type="button"
      >
        Remove
      </button>
    </div>
    <div
      className="searched-item list-group-item"
      data-rr-ui-event-key={null}
      onClick={[Function]}
    >
      Test Track 2
      <button
        className="ml-2 btn btn-outline-danger btn-sm"
        disabled={false}
        onClick={[Function]}
        type="button"
      >
        Remove
      </button>
    </div>
  </div>
</div>
`;
